// Jest Snapshot v1, https://goo.gl/fbAQLP

exports[`matches the snapshot 1`] = `
ShallowWrapper {
  Symbol(enzyme.__root__): [Circular],
  Symbol(enzyme.__unrendered__): <ComparisonCard
    comparisonSchools={
        Array [
            "COLORADO",
            "ACADEMY 20",
          ]
    }
/>,
  Symbol(enzyme.__renderer__): Object {
    "batchedUpdates": [Function],
    "getNode": [Function],
    "render": [Function],
    "simulateError": [Function],
    "simulateEvent": [Function],
    "unmount": [Function],
  },
  Symbol(enzyme.__node__): Object {
    "instance": null,
    "key": undefined,
    "nodeType": "host",
    "props": Object {
      "children": Array [
        <Card
          schoolInfo={
                    Object {
                              "2004": 0.24,
                              "2005": 0.278,
                              "2006": 0.337,
                              "2007": 0.395,
                              "2008": 0.536,
                              "2009": 0.598,
                              "2010": 0.64,
                              "2011": 0.672,
                              "2012": 0.695,
                              "2013": 0.703,
                              "2014": 0.741,
                            }
          }
          schoolName="COLORADO"
/>,
        <div
          className="compared"
>
          <h3>
                    COLORADO
                    : 
          </h3>
          <h3>
                    0.53
          </h3>
          <h3>
                    &lt;---- 
                    1.302
                     ----&gt;
          </h3>
          <h3>
                    ACADEMY 20
                    : 
          </h3>
          <h3>
                    0.407
          </h3>
</div>,
        <Card
          schoolInfo={
                    Object {
                              "2004": 0.302,
                              "2005": 0.267,
                              "2006": 0.354,
                              "2007": 0.392,
                              "2008": 0.385,
                              "2009": 0.39,
                              "2010": 0.436,
                              "2011": 0.489,
                              "2012": 0.479,
                              "2013": 0.488,
                              "2014": 0.49,
                            }
          }
          schoolName="ACADEMY 20"
/>,
      ],
      "className": "comparison-container",
    },
    "ref": null,
    "rendered": Array [
      Object {
        "instance": null,
        "key": "COLORADO1539025697435",
        "nodeType": "class",
        "props": Object {
          "schoolInfo": Object {
            "2004": 0.24,
            "2005": 0.278,
            "2006": 0.337,
            "2007": 0.395,
            "2008": 0.536,
            "2009": 0.598,
            "2010": 0.64,
            "2011": 0.672,
            "2012": 0.695,
            "2013": 0.703,
            "2014": 0.741,
          },
          "schoolName": "COLORADO",
        },
        "ref": null,
        "rendered": null,
        "type": [Function],
      },
      Object {
        "instance": null,
        "key": undefined,
        "nodeType": "host",
        "props": Object {
          "children": Array [
            <h3>
              COLORADO
              : 
</h3>,
            <h3>
              0.53
</h3>,
            <h3>
              &lt;---- 
              1.302
               ----&gt;
</h3>,
            <h3>
              ACADEMY 20
              : 
</h3>,
            <h3>
              0.407
</h3>,
          ],
          "className": "compared",
        },
        "ref": null,
        "rendered": Array [
          Object {
            "instance": null,
            "key": undefined,
            "nodeType": "host",
            "props": Object {
              "children": Array [
                "COLORADO",
                ": ",
              ],
            },
            "ref": null,
            "rendered": Array [
              "COLORADO",
              ": ",
            ],
            "type": "h3",
          },
          Object {
            "instance": null,
            "key": undefined,
            "nodeType": "host",
            "props": Object {
              "children": 0.53,
            },
            "ref": null,
            "rendered": 0.53,
            "type": "h3",
          },
          Object {
            "instance": null,
            "key": undefined,
            "nodeType": "host",
            "props": Object {
              "children": Array [
                "<---- ",
                1.302,
                " ---->",
              ],
            },
            "ref": null,
            "rendered": Array [
              "<---- ",
              1.302,
              " ---->",
            ],
            "type": "h3",
          },
          Object {
            "instance": null,
            "key": undefined,
            "nodeType": "host",
            "props": Object {
              "children": Array [
                "ACADEMY 20",
                ": ",
              ],
            },
            "ref": null,
            "rendered": Array [
              "ACADEMY 20",
              ": ",
            ],
            "type": "h3",
          },
          Object {
            "instance": null,
            "key": undefined,
            "nodeType": "host",
            "props": Object {
              "children": 0.407,
            },
            "ref": null,
            "rendered": 0.407,
            "type": "h3",
          },
        ],
        "type": "div",
      },
      Object {
        "instance": null,
        "key": "ACADEMY 201539025697435",
        "nodeType": "class",
        "props": Object {
          "schoolInfo": Object {
            "2004": 0.302,
            "2005": 0.267,
            "2006": 0.354,
            "2007": 0.392,
            "2008": 0.385,
            "2009": 0.39,
            "2010": 0.436,
            "2011": 0.489,
            "2012": 0.479,
            "2013": 0.488,
            "2014": 0.49,
          },
          "schoolName": "ACADEMY 20",
        },
        "ref": null,
        "rendered": null,
        "type": [Function],
      },
    ],
    "type": "div",
  },
  Symbol(enzyme.__nodes__): Array [
    Object {
      "instance": null,
      "key": undefined,
      "nodeType": "host",
      "props": Object {
        "children": Array [
          <Card
            schoolInfo={
                        Object {
                                    "2004": 0.24,
                                    "2005": 0.278,
                                    "2006": 0.337,
                                    "2007": 0.395,
                                    "2008": 0.536,
                                    "2009": 0.598,
                                    "2010": 0.64,
                                    "2011": 0.672,
                                    "2012": 0.695,
                                    "2013": 0.703,
                                    "2014": 0.741,
                                  }
            }
            schoolName="COLORADO"
/>,
          <div
            className="compared"
>
            <h3>
                        COLORADO
                        : 
            </h3>
            <h3>
                        0.53
            </h3>
            <h3>
                        &lt;---- 
                        1.302
                         ----&gt;
            </h3>
            <h3>
                        ACADEMY 20
                        : 
            </h3>
            <h3>
                        0.407
            </h3>
</div>,
          <Card
            schoolInfo={
                        Object {
                                    "2004": 0.302,
                                    "2005": 0.267,
                                    "2006": 0.354,
                                    "2007": 0.392,
                                    "2008": 0.385,
                                    "2009": 0.39,
                                    "2010": 0.436,
                                    "2011": 0.489,
                                    "2012": 0.479,
                                    "2013": 0.488,
                                    "2014": 0.49,
                                  }
            }
            schoolName="ACADEMY 20"
/>,
        ],
        "className": "comparison-container",
      },
      "ref": null,
      "rendered": Array [
        Object {
          "instance": null,
          "key": "COLORADO1539025697435",
          "nodeType": "class",
          "props": Object {
            "schoolInfo": Object {
              "2004": 0.24,
              "2005": 0.278,
              "2006": 0.337,
              "2007": 0.395,
              "2008": 0.536,
              "2009": 0.598,
              "2010": 0.64,
              "2011": 0.672,
              "2012": 0.695,
              "2013": 0.703,
              "2014": 0.741,
            },
            "schoolName": "COLORADO",
          },
          "ref": null,
          "rendered": null,
          "type": [Function],
        },
        Object {
          "instance": null,
          "key": undefined,
          "nodeType": "host",
          "props": Object {
            "children": Array [
              <h3>
                COLORADO
                : 
</h3>,
              <h3>
                0.53
</h3>,
              <h3>
                &lt;---- 
                1.302
                 ----&gt;
</h3>,
              <h3>
                ACADEMY 20
                : 
</h3>,
              <h3>
                0.407
</h3>,
            ],
            "className": "compared",
          },
          "ref": null,
          "rendered": Array [
            Object {
              "instance": null,
              "key": undefined,
              "nodeType": "host",
              "props": Object {
                "children": Array [
                  "COLORADO",
                  ": ",
                ],
              },
              "ref": null,
              "rendered": Array [
                "COLORADO",
                ": ",
              ],
              "type": "h3",
            },
            Object {
              "instance": null,
              "key": undefined,
              "nodeType": "host",
              "props": Object {
                "children": 0.53,
              },
              "ref": null,
              "rendered": 0.53,
              "type": "h3",
            },
            Object {
              "instance": null,
              "key": undefined,
              "nodeType": "host",
              "props": Object {
                "children": Array [
                  "<---- ",
                  1.302,
                  " ---->",
                ],
              },
              "ref": null,
              "rendered": Array [
                "<---- ",
                1.302,
                " ---->",
              ],
              "type": "h3",
            },
            Object {
              "instance": null,
              "key": undefined,
              "nodeType": "host",
              "props": Object {
                "children": Array [
                  "ACADEMY 20",
                  ": ",
                ],
              },
              "ref": null,
              "rendered": Array [
                "ACADEMY 20",
                ": ",
              ],
              "type": "h3",
            },
            Object {
              "instance": null,
              "key": undefined,
              "nodeType": "host",
              "props": Object {
                "children": 0.407,
              },
              "ref": null,
              "rendered": 0.407,
              "type": "h3",
            },
          ],
          "type": "div",
        },
        Object {
          "instance": null,
          "key": "ACADEMY 201539025697435",
          "nodeType": "class",
          "props": Object {
            "schoolInfo": Object {
              "2004": 0.302,
              "2005": 0.267,
              "2006": 0.354,
              "2007": 0.392,
              "2008": 0.385,
              "2009": 0.39,
              "2010": 0.436,
              "2011": 0.489,
              "2012": 0.479,
              "2013": 0.488,
              "2014": 0.49,
            },
            "schoolName": "ACADEMY 20",
          },
          "ref": null,
          "rendered": null,
          "type": [Function],
        },
      ],
      "type": "div",
    },
  ],
  Symbol(enzyme.__options__): Object {
    "adapter": ReactSixteenAdapter {
      "options": Object {
        "enableComponentDidUpdateOnSetState": true,
        "lifecycles": Object {
          "componentDidUpdate": Object {
            "onSetState": true,
          },
          "getDerivedStateFromProps": true,
          "getSnapshotBeforeUpdate": true,
          "setState": Object {
            "skipsComponentDidUpdateOnNullish": true,
          },
        },
      },
    },
    "attachTo": undefined,
    "hydrateIn": undefined,
  },
}
`;
